// Jest Snapshot v1, https://goo.gl/fbAQLP

exports[`renders correctly 1`] = `
<div
  className="calculator-container"
>
  <h1>
    Lets do some maths!
  </h1>
  <div
    className="parent"
  >
    <div
      className="child output"
    >
      0
    </div>
    <button
      className="light-grey"
      onClick={[Function]}
      type="button"
    >
      AC
    </button>
    <button
      className="light-grey"
      onClick={[Function]}
      type="button"
    >
      +/-
    </button>
    <button
      className="light-grey"
      onClick={[Function]}
      type="button"
    >
      %
    </button>
    <button
      className="orange-color"
      onClick={[Function]}
      type="button"
    >
      รท
    </button>
    <button
      className="light-grey"
      onClick={[Function]}
      type="button"
    >
      7
    </button>
    <button
      className="light-grey"
      onClick={[Function]}
      type="button"
    >
      8
    </button>
    <button
      className="light-grey"
      onClick={[Function]}
      type="button"
    >
      9
    </button>
    <button
      className="orange-color"
      onClick={[Function]}
      type="button"
    >
      x
    </button>
    <button
      className="light-grey"
      onClick={[Function]}
      type="button"
    >
      4
    </button>
    <button
      className="light-grey"
      onClick={[Function]}
      type="button"
    >
      5
    </button>
    <button
      className="light-grey"
      onClick={[Function]}
      type="button"
    >
      6
    </button>
    <button
      className="orange-color"
      onClick={[Function]}
      type="button"
    >
      -
    </button>
    <button
      className="light-grey"
      onClick={[Function]}
      type="button"
    >
      1
    </button>
    <button
      className="light-grey"
      onClick={[Function]}
      type="button"
    >
      2
    </button>
    <button
      className="light-grey"
      onClick={[Function]}
      type="button"
    >
      3
    </button>
    <button
      className="orange-color"
      onClick={[Function]}
      type="button"
    >
      +
    </button>
    <button
      className="zero"
      onClick={[Function]}
      type="button"
    >
      0
    </button>
    <button
      className="light-grey"
      onClick={[Function]}
      type="button"
    >
      .
    </button>
    <button
      className="orange-color"
      onClick={[Function]}
      type="button"
    >
      =
    </button>
  </div>
</div>
`;
