// Jest Snapshot v1, https://goo.gl/fbAQLP

exports[`renders correctly 1`] = `
<div
  className="quotes-div"
>
  <div
    className="quotes"
  />
  <div
    className="quotes-author"
  />
</div>
`;
